// Jest Snapshot v1, https://goo.gl/fbAQLP

exports[`<Home /> matches stored snapshot 1`] = `
.c1 {
  max-width: 100vw;
  background: #fff;
  padding: 16px;
  display: -webkit-box;
  display: -webkit-flex;
  display: -ms-flexbox;
  display: flex;
  -webkit-align-items: center;
  -webkit-box-align: center;
  -ms-flex-align: center;
  align-items: center;
  -webkit-box-pack: start;
  -webkit-justify-content: flex-start;
  -ms-flex-pack: start;
  justify-content: flex-start;
  border-bottom: 1px solid #fafafa;
}

.c2 {
  font-weight: 300;
  margin: 0;
}

.c8 {
  padding: 16px;
  color: #cccccc;
  display: -webkit-box;
  display: -webkit-flex;
  display: -ms-flexbox;
  display: flex;
  -webkit-align-items: center;
  -webkit-box-align: center;
  -ms-flex-align: center;
  align-items: center;
  -webkit-box-pack: end;
  -webkit-justify-content: flex-end;
  -ms-flex-pack: end;
  justify-content: flex-end;
  border-top: 1px solid #fafafa;
}

.c0 {
  max-width: 100vw;
  min-height: 100vh;
  display: -webkit-box;
  display: -webkit-flex;
  display: -ms-flexbox;
  display: flex;
  -webkit-flex-direction: column;
  -ms-flex-direction: column;
  flex-direction: column;
}

.c6 {
  width: 100%;
  position: relative;
  border-top-left-radius: 5px;
  border-top-right-radius: 5px;
  box-shadow: rgba(0,0,0,0.6) 0px 2px 15px -5px;
  overflow-x: hidden;
}

.c6:after {
  content: '';
  position: absolute;
  bottom: 0;
  left: -100%;
  height: 2px;
  width: 100%;
  background: #000000;
  -webkit-transform: translate3d(0%,0,0);
  -ms-transform: translate3d(0%,0,0);
  transform: translate3d(0%,0,0);
  -webkit-transform-origin: left center;
  -ms-transform-origin: left center;
  transform-origin: left center;
  -webkit-animation: 3s infinite ease-in-out alternate;
  animation: 3s infinite ease-in-out alternate;
}

.c7 {
  padding: 24px;
  border-top-left-radius: 5px;
  border-top-right-radius: 5px;
  border: 2px solid #fff;
  width: 100%;
  font-size: 1.5rem;
  outline: none;
  -webkit-transition: border 0.3s cubic-bezier(0.19,1,0.22,1);
  transition: border 0.3s cubic-bezier(0.19,1,0.22,1);
  -webkit-animation: 2s 4 cubic-bezier(0.19,1,0.22,1);
  animation: 2s 4 cubic-bezier(0.19,1,0.22,1);
}

.c7::-webkit-input-placeholder {
  color: #ddd;
}

.c7::-moz-placeholder {
  color: #ddd;
}

.c7:-ms-input-placeholder {
  color: #ddd;
}

.c7::placeholder {
  color: #ddd;
}

.c7:hover,
.c7:focus {
  border: 2px solid #f28e1c;
}

.c3 {
  width: 100%;
  height: 100%;
  display: -webkit-box;
  display: -webkit-flex;
  display: -ms-flexbox;
  display: flex;
  -webkit-flex-direction: column;
  -ms-flex-direction: column;
  flex-direction: column;
  -webkit-box-pack: start;
  -webkit-justify-content: flex-start;
  -ms-flex-pack: start;
  justify-content: flex-start;
  -webkit-align-items: center;
  -webkit-box-align: center;
  -ms-flex-align: center;
  align-items: center;
  -webkit-flex: 1 1 100%;
  -ms-flex: 1 1 100%;
  flex: 1 1 100%;
  margin-top: 32px;
}

.c4 {
  font-size: 1.3rem;
  color: #ccc;
  margin-top: 0;
}

.c5 {
  width: 70%;
  display: -webkit-box;
  display: -webkit-flex;
  display: -ms-flexbox;
  display: flex;
  -webkit-flex-direction: column;
  -ms-flex-direction: column;
  flex-direction: column;
}

<MemoryRouter
  initialEntries={
    Array [
      Object {
        "key": "testKey",
        "pathname": "/",
      },
    ]
  }
>
  <Router
    history={
      Object {
        "action": "POP",
        "block": [Function],
        "canGo": [Function],
        "createHref": [Function],
        "entries": Array [
          Object {
            "hash": "",
            "key": "testKey",
            "pathname": "/",
            "search": "",
          },
        ],
        "go": [Function],
        "goBack": [Function],
        "goForward": [Function],
        "index": 0,
        "length": 1,
        "listen": [Function],
        "location": Object {
          "hash": "",
          "key": "testKey",
          "pathname": "/",
          "search": "",
        },
        "push": [Function],
        "replace": [Function],
      }
    }
  >
    <Home>
      <BaseLayout>
        <styled.div>
          <div
            className="c0"
          >
            <Header>
              <styled.header>
                <header
                  className="c1"
                >
                  <styled.h1>
                    <h1
                      className="c2"
                    >
                      Beer App
                      <span
                        aria-label="Beer"
                        role="img"
                      >
                        üç∫
                      </span>
                    </h1>
                  </styled.h1>
                </header>
              </styled.header>
            </Header>
            <styled.section>
              <section
                className="c3"
              >
                <styled.h2>
                  <h2
                    className="c4"
                  >
                    Digite seu endere√ßo abaixo para ver as melhores cervejas em sua regi√£o
                  </h2>
                </styled.h2>
                <styled.div>
                  <div
                    className="c5"
                  >
                    <SearchBar
                      error={false}
                      loading={false}
                      onChange={[Function]}
                      value=""
                    >
                      <div>
                        <styled.div
                          loading="false"
                        >
                          <div
                            className="c6"
                            loading="false"
                          >
                            <styled.input
                              aria-errormessage="errorMessageSearchBar"
                              aria-invalid={false}
                              error="false"
                              onChange={[Function]}
                              placeholder="Ex: Rua AmeÃÅrico Brasiliense, SaÃÉo Paulo"
                              type="search"
                              value=""
                            >
                              <input
                                aria-errormessage="errorMessageSearchBar"
                                aria-invalid={false}
                                className="c7"
                                onChange={[Function]}
                                placeholder="Ex: Rua AmeÃÅrico Brasiliense, SaÃÉo Paulo"
                                type="search"
                                value=""
                              />
                            </styled.input>
                          </div>
                        </styled.div>
                      </div>
                    </SearchBar>
                    <AddressList
                      addresses={Array []}
                    />
                  </div>
                </styled.div>
              </section>
            </styled.section>
            <Footer>
              <styled.footer>
                <footer
                  className="c8"
                >
                  <span>
                    Beer App
                     
                    <span
                      aria-label="Beer"
                      role="img"
                    >
                      üç∫
                    </span>
                     
                    - ¬©
                     
                    2020
                  </span>
                </footer>
              </styled.footer>
            </Footer>
          </div>
        </styled.div>
      </BaseLayout>
    </Home>
  </Router>
</MemoryRouter>
`;
