// Jest Snapshot v1, https://goo.gl/fbAQLP

exports[`<Footer /> matches stored snapshot 1`] = `
.c0 {
  padding: 16px;
  color: #cccccc;
  display: -webkit-box;
  display: -webkit-flex;
  display: -ms-flexbox;
  display: flex;
  -webkit-align-items: center;
  -webkit-box-align: center;
  -ms-flex-align: center;
  align-items: center;
  -webkit-box-pack: end;
  -webkit-justify-content: flex-end;
  -ms-flex-pack: end;
  justify-content: flex-end;
  border-top: 1px solid #fafafa;
}

<Footer>
  <styled.footer>
    <footer
      className="c0"
    >
      <span>
        Beer App
         
        <span
          aria-label="Beer"
          role="img"
        >
          üç∫
        </span>
         
        - ¬©
         
        2020
      </span>
    </footer>
  </styled.footer>
</Footer>
`;
